============================= test session starts =============================
platform win32 -- Python 3.11.9, pytest-7.4.3, pluggy-1.6.0 -- C:\Users\aaryan\AppData\Local\Programs\Python\Python311\python.exe
cachedir: .pytest_cache
metadata: {'Python': '3.11.9', 'Platform': 'Windows-10-10.0.26200-SP0', 'Packages': {'pytest': '7.4.3', 'pluggy': '1.6.0'}, 'Plugins': {'anyio': '3.7.1', 'asyncio': '0.21.1', 'cov': '4.1.0', 'html': '4.1.1', 'metadata': '3.1.1', 'mock': '3.12.0', 'timeout': '2.1.0', 'xdist': '3.5.0'}, 'JAVA_HOME': 'C:\\Program Files\\Eclipse Adoptium\\jdk-17.0.18.8-hotspot'}
rootdir: C:\Project\TradingSys\Ts-backend
configfile: pytest.ini
plugins: anyio-3.7.1, asyncio-0.21.1, cov-4.1.0, html-4.1.1, metadata-3.1.1, mock-3.12.0, timeout-2.1.0, xdist-3.5.0
asyncio: mode=Mode.STRICT
collecting ... collected 65 items

tests/test_integration.py::TestCompleteUserJourney::test_register_trade_portfolio_flow FAILED [  1%]
tests/test_integration.py::TestCompleteUserJourney::test_multiple_trades_portfolio_calculation FAILED [  3%]
tests/test_integration.py::TestCompleteUserJourney::test_order_history_pagination FAILED [  4%]
tests/test_integration.py::TestConcurrentOperations::test_two_users_different_operations FAILED [  6%]
tests/test_integration.py::TestErrorRecovery::test_failed_order_doesnt_affect_balance FAILED [  7%]
tests/test_integration.py::TestDataConsistency::test_balance_consistency_after_order FAILED [  9%]
tests/test_orders.py::TestOrderCreation::test_create_buy_order_success FAILED [ 10%]
tests/test_orders.py::TestOrderCreation::test_create_order_unauthenticated PASSED [ 12%]
tests/test_orders.py::TestOrderCreation::test_create_order_invalid_token PASSED [ 13%]
tests/test_orders.py::TestOrderCreation::test_create_order_negative_quantity PASSED [ 15%]
tests/test_orders.py::TestOrderCreation::test_create_order_zero_quantity PASSED [ 16%]
tests/test_orders.py::TestOrderCreation::test_create_order_exceed_max_quantity PASSED [ 18%]
tests/test_orders.py::TestOrderCreation::test_create_order_invalid_symbol FAILED [ 20%]
tests/test_orders.py::TestOrderCreation::test_create_order_invalid_side PASSED [ 21%]
tests/test_orders.py::TestOrderCreation::test_create_order_non_existent_user FAILED [ 23%]
tests/test_orders.py::TestOrderCreation::test_create_order_insufficient_balance FAILED [ 24%]
tests/test_orders.py::TestOrderAuthorization::test_user_cannot_access_other_user_orders PASSED [ 26%]
tests/test_orders.py::TestOrderAuthorization::test_user_cannot_create_order_for_other_user FAILED [ 27%]
tests/test_orders.py::TestOrderRateLimiting::test_rate_limit_orders FAILED [ 29%]
tests/test_orders.py::TestOrderHistory::test_get_order_history PASSED    [ 30%]
tests/test_orders.py::TestOrderHistory::test_get_order_history_with_limit PASSED [ 32%]
tests/test_orders.py::TestOrderHistory::test_get_order_history_limit_exceeds_max 
